// Jest Snapshot v1, https://goo.gl/fbAQLP

exports[`<AppRouter /> test should show login if isnt authenticated 1`] = `
<div>
  <div
    className="container mt-5"
  >
    <h1>
      Login
    </h1>
    <hr />
    <button
      className="btn btn-primary"
      onClick={[Function]}
      type="button"
    >
      Login
    </button>
  </div>
</div>
`;
